<?xml version="1.0" encoding="UTF-8"?>
<testsuites name="jest tests" tests="33" failures="0" errors="0" time="3.582">
  <testsuite name="Transaction Routes Integration Tests (/api/transactions)" errors="0" failures="0" skipped="0" timestamp="2025-06-10T20:05:30" time="3.559" tests="33">
    <testcase classname="Transaction Routes Integration Tests (/api/transactions) POST /create - Real EVM Integration should create transaction without contract deployment (no deployment env vars)" name="Transaction Routes Integration Tests (/api/transactions) POST /create - Real EVM Integration should create transaction without contract deployment (no deployment env vars)" time="0.125">
    </testcase>
    <testcase classname="Transaction Routes Integration Tests (/api/transactions) POST /create - Real EVM Integration should handle invalid wallet addresses properly" name="Transaction Routes Integration Tests (/api/transactions) POST /create - Real EVM Integration should handle invalid wallet addresses properly" time="0.086">
    </testcase>
    <testcase classname="Transaction Routes Integration Tests (/api/transactions) POST /create - Real EVM Integration should prevent same wallet addresses for buyer and seller" name="Transaction Routes Integration Tests (/api/transactions) POST /create - Real EVM Integration should prevent same wallet addresses for buyer and seller" time="0.069">
    </testcase>
    <testcase classname="Transaction Routes Integration Tests (/api/transactions) POST /create - Real EVM Integration should require authentication" name="Transaction Routes Integration Tests (/api/transactions) POST /create - Real EVM Integration should require authentication" time="0.053">
    </testcase>
    <testcase classname="Transaction Routes Integration Tests (/api/transactions) GET /:transactionId - Database Integration should retrieve deal details for authorized buyer" name="Transaction Routes Integration Tests (/api/transactions) GET /:transactionId - Database Integration should retrieve deal details for authorized buyer" time="0.063">
    </testcase>
    <testcase classname="Transaction Routes Integration Tests (/api/transactions) GET /:transactionId - Database Integration should retrieve deal details for authorized seller" name="Transaction Routes Integration Tests (/api/transactions) GET /:transactionId - Database Integration should retrieve deal details for authorized seller" time="0.065">
    </testcase>
    <testcase classname="Transaction Routes Integration Tests (/api/transactions) GET /:transactionId - Database Integration should deny access to unauthorized users" name="Transaction Routes Integration Tests (/api/transactions) GET /:transactionId - Database Integration should deny access to unauthorized users" time="0.065">
    </testcase>
    <testcase classname="Transaction Routes Integration Tests (/api/transactions) GET /:transactionId - Database Integration should return 404 for non-existent deals" name="Transaction Routes Integration Tests (/api/transactions) GET /:transactionId - Database Integration should return 404 for non-existent deals" time="0.066">
    </testcase>
    <testcase classname="Transaction Routes Integration Tests (/api/transactions) GET / - Deal Listing Integration should list user deals with proper pagination" name="Transaction Routes Integration Tests (/api/transactions) GET / - Deal Listing Integration should list user deals with proper pagination" time="0.071">
    </testcase>
    <testcase classname="Transaction Routes Integration Tests (/api/transactions) GET / - Deal Listing Integration should respect limit parameter" name="Transaction Routes Integration Tests (/api/transactions) GET / - Deal Listing Integration should respect limit parameter" time="0.071">
    </testcase>
    <testcase classname="Transaction Routes Integration Tests (/api/transactions) GET / - Deal Listing Integration should return empty array for users with no deals" name="Transaction Routes Integration Tests (/api/transactions) GET / - Deal Listing Integration should return empty array for users with no deals" time="0.068">
    </testcase>
    <testcase classname="Transaction Routes Integration Tests (/api/transactions) PATCH /conditions/:conditionId/buyer-review - Real Condition Updates should update condition status and persist to Firebase" name="Transaction Routes Integration Tests (/api/transactions) PATCH /conditions/:conditionId/buyer-review - Real Condition Updates should update condition status and persist to Firebase" time="0.072">
    </testcase>
    <testcase classname="Transaction Routes Integration Tests (/api/transactions) PATCH /conditions/:conditionId/buyer-review - Real Condition Updates should reject invalid status values" name="Transaction Routes Integration Tests (/api/transactions) PATCH /conditions/:conditionId/buyer-review - Real Condition Updates should reject invalid status values" time="0.058">
    </testcase>
    <testcase classname="Transaction Routes Integration Tests (/api/transactions) PUT /:transactionId/sync-status - Smart Contract Status Sync should sync deal status from smart contract state" name="Transaction Routes Integration Tests (/api/transactions) PUT /:transactionId/sync-status - Smart Contract Status Sync should sync deal status from smart contract state" time="0.082">
    </testcase>
    <testcase classname="Transaction Routes Integration Tests (/api/transactions) PUT /:transactionId/sync-status - Smart Contract Status Sync should reject invalid smart contract status values" name="Transaction Routes Integration Tests (/api/transactions) PUT /:transactionId/sync-status - Smart Contract Status Sync should reject invalid smart contract status values" time="0.065">
    </testcase>
    <testcase classname="Transaction Routes Integration Tests (/api/transactions) PUT /:transactionId/sync-status - Smart Contract Status Sync should handle final approval deadline setting" name="Transaction Routes Integration Tests (/api/transactions) PUT /:transactionId/sync-status - Smart Contract Status Sync should handle final approval deadline setting" time="0.077">
    </testcase>
    <testcase classname="Transaction Routes Integration Tests (/api/transactions) PUT /:transactionId/sync-status - Smart Contract Status Sync should deny access to non-participants" name="Transaction Routes Integration Tests (/api/transactions) PUT /:transactionId/sync-status - Smart Contract Status Sync should deny access to non-participants" time="0.073">
    </testcase>
    <testcase classname="Transaction Routes Integration Tests (/api/transactions) POST /:transactionId/sc/start-final-approval - Smart Contract Final Approval should start final approval period with valid deadline" name="Transaction Routes Integration Tests (/api/transactions) POST /:transactionId/sc/start-final-approval - Smart Contract Final Approval should start final approval period with valid deadline" time="0.078">
    </testcase>
    <testcase classname="Transaction Routes Integration Tests (/api/transactions) POST /:transactionId/sc/start-final-approval - Smart Contract Final Approval should reject past deadline dates" name="Transaction Routes Integration Tests (/api/transactions) POST /:transactionId/sc/start-final-approval - Smart Contract Final Approval should reject past deadline dates" time="0.058">
    </testcase>
    <testcase classname="Transaction Routes Integration Tests (/api/transactions) POST /:transactionId/sc/start-final-approval - Smart Contract Final Approval should require valid ISO date format" name="Transaction Routes Integration Tests (/api/transactions) POST /:transactionId/sc/start-final-approval - Smart Contract Final Approval should require valid ISO date format" time="0.058">
    </testcase>
    <testcase classname="Transaction Routes Integration Tests (/api/transactions) POST /:transactionId/sc/raise-dispute - Smart Contract Dispute Handling should raise dispute with valid deadline" name="Transaction Routes Integration Tests (/api/transactions) POST /:transactionId/sc/raise-dispute - Smart Contract Dispute Handling should raise dispute with valid deadline" time="0.076">
    </testcase>
    <testcase classname="Transaction Routes Integration Tests (/api/transactions) POST /:transactionId/sc/raise-dispute - Smart Contract Dispute Handling should reject dispute on completed deals" name="Transaction Routes Integration Tests (/api/transactions) POST /:transactionId/sc/raise-dispute - Smart Contract Dispute Handling should reject dispute on completed deals" time="0.069">
    </testcase>
    <testcase classname="Transaction Routes Integration Tests (/api/transactions) POST /estimate-gas - Gas Estimation (Always Available) should estimate gas for contract deployment" name="Transaction Routes Integration Tests (/api/transactions) POST /estimate-gas - Gas Estimation (Always Available) should estimate gas for contract deployment" time="0.057">
    </testcase>
    <testcase classname="Transaction Routes Integration Tests (/api/transactions) POST /estimate-gas - Gas Estimation (Always Available) should estimate gas for fund release" name="Transaction Routes Integration Tests (/api/transactions) POST /estimate-gas - Gas Estimation (Always Available) should estimate gas for fund release" time="0.052">
    </testcase>
    <testcase classname="Transaction Routes Integration Tests (/api/transactions) POST /estimate-gas - Gas Estimation (Always Available) should estimate gas for fund cancellation" name="Transaction Routes Integration Tests (/api/transactions) POST /estimate-gas - Gas Estimation (Always Available) should estimate gas for fund cancellation" time="0.052">
    </testcase>
    <testcase classname="Transaction Routes Integration Tests (/api/transactions) POST /estimate-gas - Gas Estimation (Always Available) should reject invalid operations" name="Transaction Routes Integration Tests (/api/transactions) POST /estimate-gas - Gas Estimation (Always Available) should reject invalid operations" time="0.052">
    </testcase>
    <testcase classname="Transaction Routes Integration Tests (/api/transactions) POST /estimate-gas - Gas Estimation (Always Available) should require authentication" name="Transaction Routes Integration Tests (/api/transactions) POST /estimate-gas - Gas Estimation (Always Available) should require authentication" time="0.051">
    </testcase>
    <testcase classname="Transaction Routes Integration Tests (/api/transactions) GET /admin/manual-intervention - Admin Functionality should return deals requiring manual intervention" name="Transaction Routes Integration Tests (/api/transactions) GET /admin/manual-intervention - Admin Functionality should return deals requiring manual intervention" time="0.068">
    </testcase>
    <testcase classname="Transaction Routes Integration Tests (/api/transactions) GET /admin/scheduled-jobs-status - System Monitoring should return scheduled jobs status" name="Transaction Routes Integration Tests (/api/transactions) GET /admin/scheduled-jobs-status - System Monitoring should return scheduled jobs status" time="0.06">
    </testcase>
    <testcase classname="Transaction Routes Integration Tests (/api/transactions) POST /admin/trigger-scheduled-job - Admin Operations should trigger contract deadline checks" name="Transaction Routes Integration Tests (/api/transactions) POST /admin/trigger-scheduled-job - Admin Operations should trigger contract deadline checks" time="0.069">
    </testcase>
    <testcase classname="Transaction Routes Integration Tests (/api/transactions) POST /admin/trigger-scheduled-job - Admin Operations should trigger cross-chain transaction monitoring" name="Transaction Routes Integration Tests (/api/transactions) POST /admin/trigger-scheduled-job - Admin Operations should trigger cross-chain transaction monitoring" time="0.066">
    </testcase>
    <testcase classname="Transaction Routes Integration Tests (/api/transactions) POST /admin/trigger-scheduled-job - Admin Operations should reject invalid job types" name="Transaction Routes Integration Tests (/api/transactions) POST /admin/trigger-scheduled-job - Admin Operations should reject invalid job types" time="0.055">
    </testcase>
    <testcase classname="Transaction Routes Integration Tests (/api/transactions) Integration Test Health Checks should confirm Firebase emulator integration" name="Transaction Routes Integration Tests (/api/transactions) Integration Test Health Checks should confirm Firebase emulator integration" time="0.057">
    </testcase>
  </testsuite>
</testsuites>